// Jest Snapshot v1, https://goo.gl/fbAQLP

exports[`Snapshot Tests - 快照测试 文档模板快照 B1 需求规划草案模板应匹配快照 1`] = `
"# B1_需求规划草案

**创建时间**: [TIMESTAMP]
**文档状态**: 草案

---

## 文档说明

**目的**: 
- 描述"想解决什么问题"
- 明确规划目标和边界
- 说明为什么值得单独一轮规划

**填写要求**:
- 必须基于 A 类文档中的真实现状
- 必须说明"明确不做什么"
- 禁止引入 A 类中不存在的能力

---

## 1. 规划目标

### 1.1 核心问题

**要解决的核心问题**:
<!-- 填写内容：描述具体要解决的问题，必须可在 A1/A2 中找到依据 -->

**问题来源**:
- [ ] A1: 现有功能/流程的明确断点 (具体章节: _______)
- [ ] A2: 真实用户反馈/数据异常 (具体反馈: _______)
- [ ] 业务约束变化/合规要求 (具体说明: _______)

**为什么值得单独规划**:
<!-- 说明为什么不能通过微调、修补解决 -->

---

## 2. 使用场景

### 2.1 目标用户

**核心用户群**:
<!-- 描述用户是谁，基于 A0 中定义的用户 -->

### 2.2 关键场景

**场景1**: 
- 触发条件: 
- 用户目标: 
- 当前痛点: (引用 A1/A2 具体内容)

**场景2**:
<!-- 如有多个场景,继续列举 -->

---

## 3. 规划范围

### 3.1 目标范围

**包含内容**:
1. 
2. 
3. 

### 3.2 明确不做

**本轮规划不包含**:
1. 
2. 
3. 

**理由**: 
<!-- 说明为什么这些不在范围内 -->

---

## 4. 核心需求（概述）

### 4.1 需求概要

**需求1**: 
- 解决什么问题: 
- 涉及哪些功能点: 

**需求2**:
<!-- 继续列举核心需求 -->

---

## 5. 约束与依赖

### 5.1 技术约束

**已知约束**:
- 现有架构限制: (参考 A0)
- 依赖现有能力: (参考 A1)

### 5.2 业务约束

**时间约束**: 
**资源约束**: 

---

## 6. 成功标准

**如何判断规划成功**:
1. 
2. 
3. 

---

## 填写检查清单

- [ ] 所有问题都可在 A 类文档中找到依据
- [ ] 明确说明了"不做什么"
- [ ] 没有引入 A0 中不存在的能力
- [ ] 场景真实且可验证
- [ ] 范围收敛,可版本化

---

**填写人**: _____________
**填写日期**: _____________
"
`;

exports[`Snapshot Tests - 快照测试 文档模板快照 R1 启动条件检查模板应匹配快照 1`] = `
"# R1_规划启动条件检查

**检查时间**: [TIMESTAMP]
**迭代轮次**: [ITERATION]

---

## R1 启动条件检查

在开始 B1/B2 规划之前，必须确认以下三个条件全部满足。

### 启动条件一：问题是否被确认真实存在

**检查标准**:
该问题可以在以下至少一类中被指认:
- [ ] A1: 已上线功能/用户路径中的明确断点
- [ ] A2: 真实用户反馈/数据异常/业务投诉
- [ ] 明确的业务约束或合规要求变化

**检查结果**:
<!-- 填写检查结果 -->

**问题描述**:
<!-- 描述具体问题，并指向 A 类文档中的具体章节 -->

---

### 启动条件二：问题是否需要"单独一轮规划"来解决

**检查标准**:
该问题:
- [ ] 无法通过微调、修补、参数修改解决
- [ ] 会显著影响核心用户路径/核心目标

**检查结果**:
<!-- 说明为什么不能作为"顺带改一下" -->

---

### 启动条件三：问题是否已经被理解到"可规划"的程度

**检查标准**:
问题的边界已基本清楚:
- [ ] 是哪个用户
- [ ] 发生在哪个场景
- [ ] 影响到哪一段流程

不存在以下情况:
- [ ] 核心概念尚未统一
- [ ] 关键前提仍在争论

**检查结果**:
<!-- 描述问题的边界和范围 -->

---

## 最终判定

**三条条件检查结果**:
- [ ] 条件一: 通过 / 不通过
- [ ] 条件二: 通过 / 不通过
- [ ] 条件三: 通过 / 不通过

**结论**:
- [ ] ✅ 全部通过 - 允许启动 B1/B2
- [ ] ❌ 存在不满足 - 禁止创建 B1 文档

---

⚠️ **重要提醒**:
- 只有三条条件全部满足，才允许启动 B1/B2
- 任意一条不满足，禁止创建 B1 文档
- 没有"勉强通过"，没有"先写着看"
"
`;

exports[`Snapshot Tests - 快照测试 文档模板快照 R1 规划审视报告模板应匹配快照 1`] = `
"# R1_规划审视报告

**审视时间**: [TIMESTAMP]

**审视对象**:
- B1_需求规划草案.md
- B2_规划拆解与范围界定.md

---

## 一、目标清晰性

**审视标准**:
- 是否能用一句话说明本次规划要解决的核心问题
- 是否存在多个不相关目标混杂

**审视结果**:
<!-- AI 填写 -->

---

## 二、场景真实性

**审视标准**:
- 使用场景是否基于 A 类现状
- 是否依赖当前不存在的能力

**审视结果**:
<!-- AI 填写 -->

---

## 三、现状一致性

**审视标准**:
- 是否明确区分"已有能力改进"与"新增能力"
- 是否存在从零重建的倾向

**审视结果**:
<!-- AI 填写 -->

---

## 四、范围收敛性

**审视标准**:
- 是否明确说明"不做什么"
- 是否存在明显范围膨胀风险

**审视结果**:
<!-- AI 填写 -->

---

## 五、版本化准备度

**审视标准**:
- 是否已不再讨论"值不值得做"
- 是否具备进入版本拆分的条件

**审视结果**:
<!-- AI 填写 -->

---

## 最终结论

**请从以下三项中选择一项**:

- [ ] 【通过】可冻结为 B3
- [ ] 【有条件通过】需补齐以下内容:
  - <!-- 列出需要补充的具体项 -->
- [ ] 【不通过】不可进入 B3，原因:
  - <!-- 列出不通过的具体原因 -->

---

## 审视人员签字

**审视人**: 
**日期**: [DATE]

---

⚠️ **重要提醒**: 
- 本审视不应提出新的需求或设计建议
- 只审视现有规划是否满足冻结条件
- 必须给出明确的通过/不通过结论
"
`;

exports[`Snapshot Tests - 快照测试 文档结构快照 完整项目结构应匹配快照 1`] = `
[
  ".a2ui/",
  ".agent/",
  "  workflows/",
  "    prd-a2ui-guide.md",
  "    prd-b1-planning-draft.md",
  "    prd-b2-planning-breakdown.md",
  "    prd-c1-requirement-list.md",
  "    prd-c2-change-tracking.md",
  "    prd-dialog-archive.md",
  "    prd-p0-project-info.md",
  "    prd-r0-baseline-review.md",
  "    prd-r1-review.md",
  "    prd-r2-review.md",
  ".antigravity/",
  "  rules.md",
  ".cursorrules",
  "00_项目总览/",
  "  P0_项目基本信息.md",
  "01_产品基线/",
  "  A0_产品基础与范围说明.md",
  "  A1_已上线功能与流程清单.md",
  "  A2_存量反馈与数据汇总.md",
  "  R0_基线审视报告.md",
  "02_迭代记录/",
  "  第01轮迭代/",
  "    B1_需求规划草案.md",
  "    B2_规划拆解与范围界定.md",
  "    R1_规划启动条件检查.md",
  "    R1_规划审视报告.md",
  "98_对话归档/",
  "  AI_对话归档模板.md",
  "  第01轮迭代/",
  "    planning_对话记录.jsonl",
  "    planning_对话记录.md",
  "    review_对话记录.jsonl",
  "    review_对话记录.md",
  "99_归档区/",
  "  历史参考与废弃文档/",
  "README.md",
  "a2ui-viewer/",
  "  index.html",
  "package.json",
]
`;
